pratik:~/ $ python
Python 3.12.4 (main, Jun  7 2024, 06:33:07) [GCC 14.1.1 20240522] on linux
Type "help", "copyright", "credits" or "license" for more information.
>>> not "a"
False
>>> not "1"
False
>>> not "0"
False
>>> not "4"
False
>>> not "-4"
False
>>> not true
Traceback (most recent call last):
  File "<stdin>", line 1, in <module>
NameError: name 'true' is not defined. Did you mean: 'True'?
>>> not True
False
>>> "Hello"*5
'HelloHelloHelloHelloHello'
>>> "Hello"+5
Traceback (most recent call last):
  File "<stdin>", line 1, in <module>
TypeError: can only concatenate str (not "int") to str
>>> "Hello"/5
Traceback (most recent call last):
  File "<stdin>", line 1, in <module>
TypeError: unsupported operand type(s) for /: 'str' and 'int'
>>> "Hello"-5
Traceback (most recent call last):
  File "<stdin>", line 1, in <module>
TypeError: unsupported operand type(s) for -: 'str' and 'int'
>>> 
KeyboardInterrupt
>>> 2^4
6
>>> 2**4
16
>>> True^False
True
>>> True && False
  File "<stdin>", line 1
    True && False
          ^
SyntaxError: invalid syntax
>>> True & False
False
>>> True | False
True
>>> True % False
Traceback (most recent call last):
  File "<stdin>", line 1, in <module>
ZeroDivisionError: integer modulo by zero
>>> True%False
Traceback (most recent call last):
  File "<stdin>", line 1, in <module>
ZeroDivisionError: integer modulo by zero
>>> False%True
0
>>> ~0
-1
>>> ~1
-2
>>> not ""
True
>>> not 1
False
>>> not 0
True
>>> 10/2
5.0
>>> int(2/3)
0
>>> int(2/1)
2
>>> "" or ""
''
>>> "a" or "b"
'a'
>>> "" and ""
''
>>> "a" and ""
''
>>> "a" and "b"
'b'
>>> "a" not "b"
  File "<stdin>", line 1
    "a" not "b"
            ^^^
SyntaxError: invalid syntax
>>> "a" and not "b"
False
>>>  not "b"
  File "<stdin>", line 1
    not "b"
IndentationError: unexpected indent
>>> not "b"
False
>>> "a" + "b"
'ab'
>>> x = "a"
>>> type(x)
<class 'str'>
>>> int x = 1
  File "<stdin>", line 1
    int x = 1
        ^
SyntaxError: invalid syntax
>>> 2345**1275
8553226841100473423727926891403238232195011315908760381557645923046926017889711660435334936299708855291342664116679893104209139614545028718097490717726545657043807325007353429486514295565197173542380222262514714691364094397954593512062965348877322296444684438576782742981595911769554832885920718203931783301972261268240246181574618152196099481529006482713148874172643926851864066831472496316692624745573017895187678133464602819501159437209047945844057431405097128671584500228204109038762028173707760686055559514735406007169105888004950859948182628341443172088012640186538114707838734747507630033011185661685195720170405686619610932718735757640107084736683372001999551337351462595130987640222448627721137614362248350605416257649451259258464144728274624278154768404982414680596723864980057804731136556835480521879402103018029220794040392199347307862426482933582905503685447951846661599364627670413747551145197765975752773733106641581551174533958840508446515237944114033580847428481005478429552179398708889598932713012046650006696068547486861009485588725138551795719632633706336905978320590489884903327695152851871187134951128683564239932916505400907401659354624446458519121420365429456158384103324462105917928395355026257436727342777541231405963645827203308521816523247479689883260831986435406180780412864599531758897956066969909321451384362503559916217802148618472672167453420157510266901447574356169135302163904177055549714265934306171696705352999121216984389945625606717160089457619543633345523803965653900854985520842581224842889562057548156680664782916397231258216935507696296894845100198007609823820345882515078280604273603854155315417711228651812042593607850066168891277163912324438404405234662346101183594907335932084951621809171948004099972518874126758646727762894792470187460496561332107484566325031352336395057600949897597504697814712607737629588829070042522151221768618611868054891983146127173504848644085182852131876949066216146187754444611362206462946238463540587132249477870113668116747582471966853481201919703819174988532301679916885582641842261222683514859401231744951282657897089046850292325003208797178196035855698168732706261847057378392607117118404420196586355908596610426861686571316841893089078846713118666745447774105629310125146903610494576174051612868607914913241390671773981575348106448282465575281320972647802824992220703272120757938100076811752929334715716794900114134087655673345512102862986435159621360870888956114783723476332506886278484317265310517049212713633306004470562784416614251537558116594349103686510344439130597607519102064159093638664448273068485627169415744953403112568214870584290884786781154197403088233190074926051945267214087620746424845153684955304177094702979657912400404657882283087065694647863270033262131699442187143267108777245542876030195160264095736679923307341959608663536691798928446425472885205799459154290269637231694196818842571656471693603102570180999961425763632327492780291799289003931913999910137151237531756667181461879192010384256351099335959686372021864916387798161877343369461833000314024817195185185073751200201777587246373245561380406861111280754001820275361556809908199281610981414083954370536675792789539843347054852278936074867718000489800218729826775291267731546587949008770200062949891095692991536044864903873355280520758716107327323488910746029042382512938714793815004641919755972697224739395263612825624631059491650023792017634868197540115279220692408891971287775397803459221796611173797848469480383432210399720231012890717619752521240864911544887112971887881586742066669921140058906763809358475238344194165779030522730101262297538002770746062373232393378695524968818942786367009492080280491291873121120231111877475390369124649300601452893120823026645707799970193655600686858477221369197814720717026969027878373855104763691444970775166545118022549133164225589234776565261319414356817368822189382169535725917169924840793736048135651391170476173609137288945647168936968643138958575853225983301531147859289767612808368542924321997954850614118015646348915740687171070776082529020515422542763813708094875227171570511864251924500582510520967240972528846293855281525877215136232503540312452039818250359460274862209164145092599569368065250089186682496213554962143275528910408607184269838032142363459797707037068903446197509765625
>>> 2345**1276
Traceback (most recent call last):
  File "<stdin>", line 1, in <module>
ValueError: Exceeds the limit (4300 digits) for integer string conversion; use sys.set_int_max_str_digits() to increase the limit
>>> length = len(str(2345**1276))
Traceback (most recent call last):
  File "<stdin>", line 1, in <module>
ValueError: Exceeds the limit (4300 digits) for integer string conversion; use sys.set_int_max_str_digits() to increase the limit
>>> 
>>> length
Traceback (most recent call last):
  File "<stdin>", line 1, in <module>
NameError: name 'length' is not defined
>>> length = len(str(2345**1275))
>>> length
4297
>>> res = (2345**1275)
>>> res = (2345**1276)
>>> sys.set_int_max_str_digits(100000)
Traceback (most recent call last):
  File "<stdin>", line 1, in <module>
NameError: name 'sys' is not defined. Did you forget to import 'sys'?
>>> import sys
>>> sys.set_int_max_str_digits(100000)
>>> res = (2345**1276)
>>> length = len(str(res))
>>> length
4301
>>> res
20057316942380610178641988560340593654497301535806043094752679689545041511951373843720860425622817265658198547353614349329370432396108092343938615733068749565767728177142243792145876023100387371956881621205597005951248801363203521785787653743117320785162785008462555532291842413099606083117484084188220031843124952674023377295792479566899853284185520201962334109934850008467621236719803003862644205028368726964215105222974493611730218880255217433004314676644952766734865653035138635695896956067344698808800287062054527086811553307371609766578488263460684238546389641237431878989881832982905392427411230376651783963799601335122987637225435351666051113707522507344688947886089179785582166016321642032006067705679472382169701124187963202961098419387803993932272931909683762425999317463378235552094515225779201823807197931577278522762024719707469436937390102479251913406142375447080421450510051887120238007435488761213140254404135074508737504282133480992307078232978947408747087219787957846917299860689972346109497212013249394265702280743856689067243705560449903960962538526041360044519161784698780098303445133437637933831460396762958142642689205165127856891186594326945227339730756932074691410722295863638377542087107536573689125618813334187646984749464791758483659747015339872776246651008191027493930068167485901974615706977044437358803496330070848003530746038510318416232678270269361575883894561865216622283574355295195264079953615947972628774052782939253828394422492047751740409778117829820195253320299458397504941046375852972256576023024950427416158915938951507300518713765547816218411759964327845036858711094497858568017021601037994214654532831188499239882010408405166050044949374400808058330275283201607275530057702760739211553142508218069614435556759827249026576603988288342589594864436323792051308032198521228846410074227509866148516375501065144741385804169249714444615047410644830588721700477668221868870070379753788249251445560276862810284172613644374155608929197002676825125025605416551733773080896762271413418501705455965348108247439405096691295120102567192842345295888441910757832768673814863935502132524629382869704081612205678196184031349552330663689642658365360995004605659051450990655009737994239293889895542263273518075030277700732243469488966609781128151032176885560471551061125309986794191309621222381774034697680859097624606757549173123177364844680123560619289908355884040767644435552553995225881213703190449312091242234602089167831551999728648323045723987153162480403813470102580483469729456960419855573783413748648144866757709761251389632294340453074582668131200345598795712279921915730298972463871520162124825001806592910241906830725701591811651617035470650366261885391220188295287078487297804578948922733953839169053949239368227999698835191928850961370082640798044290807650819304502514420155716895282315993542268487206867733915807599731716810682299308322891540185830534426121499275527074444909543415717807970569784269332714220338329789271619652011969384540528106705264351081143327942825464542391273228929386689602370201387998385736388196322709258997946564473168442092745260841437054089305953368134268545722850719234727315377751416026872998908504734091470932648843628594105095564798711148581512921443788058022830476748740425566119147617494619400065152025208199583018132821179189271682573581495699438104386992841286191496185885301827755974992013881893172076089759834507919305792281353765923231570329772523698851672669833307849111875113053202555954660931499148533387343941725228732818319662309828217572760279919077082320910146340965073438136361132945624433917135318751826575802087460087726616497399516265229962473041006051880420834030637258928257752079442469026941957352679790415597302609910407034368329997484184790930104122383610683129084110768875520081428242370374786690220670856438456467765548301762877717270109006755551045537794026666736729888034101187561277275763473751661311032878102512294766627113426942577542611157191468160857860375814930842090541730034505052035624233157535085204124690106746690688207411911416160969913530553108665862781143145482482407717332850321670762953865987171668180080580144559090635178182069494465220802032700033373797092934344551880489920242145990168113011459142770453620786386225981115294908183847112770185373842313225623001926578581333160400390625
>>> 2345**1276
20057316942380610178641988560340593654497301535806043094752679689545041511951373843720860425622817265658198547353614349329370432396108092343938615733068749565767728177142243792145876023100387371956881621205597005951248801363203521785787653743117320785162785008462555532291842413099606083117484084188220031843124952674023377295792479566899853284185520201962334109934850008467621236719803003862644205028368726964215105222974493611730218880255217433004314676644952766734865653035138635695896956067344698808800287062054527086811553307371609766578488263460684238546389641237431878989881832982905392427411230376651783963799601335122987637225435351666051113707522507344688947886089179785582166016321642032006067705679472382169701124187963202961098419387803993932272931909683762425999317463378235552094515225779201823807197931577278522762024719707469436937390102479251913406142375447080421450510051887120238007435488761213140254404135074508737504282133480992307078232978947408747087219787957846917299860689972346109497212013249394265702280743856689067243705560449903960962538526041360044519161784698780098303445133437637933831460396762958142642689205165127856891186594326945227339730756932074691410722295863638377542087107536573689125618813334187646984749464791758483659747015339872776246651008191027493930068167485901974615706977044437358803496330070848003530746038510318416232678270269361575883894561865216622283574355295195264079953615947972628774052782939253828394422492047751740409778117829820195253320299458397504941046375852972256576023024950427416158915938951507300518713765547816218411759964327845036858711094497858568017021601037994214654532831188499239882010408405166050044949374400808058330275283201607275530057702760739211553142508218069614435556759827249026576603988288342589594864436323792051308032198521228846410074227509866148516375501065144741385804169249714444615047410644830588721700477668221868870070379753788249251445560276862810284172613644374155608929197002676825125025605416551733773080896762271413418501705455965348108247439405096691295120102567192842345295888441910757832768673814863935502132524629382869704081612205678196184031349552330663689642658365360995004605659051450990655009737994239293889895542263273518075030277700732243469488966609781128151032176885560471551061125309986794191309621222381774034697680859097624606757549173123177364844680123560619289908355884040767644435552553995225881213703190449312091242234602089167831551999728648323045723987153162480403813470102580483469729456960419855573783413748648144866757709761251389632294340453074582668131200345598795712279921915730298972463871520162124825001806592910241906830725701591811651617035470650366261885391220188295287078487297804578948922733953839169053949239368227999698835191928850961370082640798044290807650819304502514420155716895282315993542268487206867733915807599731716810682299308322891540185830534426121499275527074444909543415717807970569784269332714220338329789271619652011969384540528106705264351081143327942825464542391273228929386689602370201387998385736388196322709258997946564473168442092745260841437054089305953368134268545722850719234727315377751416026872998908504734091470932648843628594105095564798711148581512921443788058022830476748740425566119147617494619400065152025208199583018132821179189271682573581495699438104386992841286191496185885301827755974992013881893172076089759834507919305792281353765923231570329772523698851672669833307849111875113053202555954660931499148533387343941725228732818319662309828217572760279919077082320910146340965073438136361132945624433917135318751826575802087460087726616497399516265229962473041006051880420834030637258928257752079442469026941957352679790415597302609910407034368329997484184790930104122383610683129084110768875520081428242370374786690220670856438456467765548301762877717270109006755551045537794026666736729888034101187561277275763473751661311032878102512294766627113426942577542611157191468160857860375814930842090541730034505052035624233157535085204124690106746690688207411911416160969913530553108665862781143145482482407717332850321670762953865987171668180080580144559090635178182069494465220802032700033373797092934344551880489920242145990168113011459142770453620786386225981115294908183847112770185373842313225623001926578581333160400390625
>>> 



pratik:~/ $ neofetch
                   -`                    pratik@archlinux 
                  .o+`                   ---------------- 
                 `ooo/                   OS: Arch Linux x86_64 
                `+oooo:                  Host: Nitro AN515-57 V1.18 
               `+oooooo:                 Kernel: 6.9.8-arch1-1 
               -+oooooo+:                Uptime: 7 hours, 58 mins 
             `/:-:++oooo+:               Packages: 885 (pacman) 
            `/++++/+++++++:              Shell: bash 5.2.26 
           `/++++++++++++++:             Resolution: 1920x1080 
          `/+++ooooooooooooo/`           DE: Plasma 6.1.3 
         ./ooosssso++osssssso+`          WM: KWin 
        .oossssso-````/ossssss+`         Theme: Breeze-Dark [GTK2], Breeze  
       -osssssso.      :ssssssso.        Icons: McMojave-circle-dark [GTK2/ 
      :osssssss/        osssso+++.       Terminal: konsole 
     /ossssssss/        +ssssooo/-       CPU: 11th Gen Intel i5-11400H (12) 
   `/ossssso+/:-        -:/+osssso+-     GPU: NVIDIA GeForce GTX 1650 Mobil 
  `+sso+:-`                 `.-/+oso:    GPU: Intel TigerLake-H GT1 [UHD Gr 
 `++:.                           `-/+/   Memory: 3056MiB / 7719MiB 
 .`                                 `/
                                                                 
                                                                 


>>> x=1(string)
<stdin>:1: SyntaxWarning: 'int' object is not callable; perhaps you missed a comma?
Traceback (most recent call last):
  File "<stdin>", line 1, in <module>
NameError: name 'string' is not defined. Did you forget to import 'string'?
>>> import string
>>> x=1(string)
<stdin>:1: SyntaxWarning: 'int' object is not callable; perhaps you missed a comma?
Traceback (most recent call last):
  File "<stdin>", line 1, in <module>
TypeError: 'int' object is not callable
>>> x = string(3)
Traceback (most recent call last):
  File "<stdin>", line 1, in <module>
TypeError: 'module' object is not callable
>>> x = str(1)
>>> x
'1'
>>> x = float(3)
>>> x
3.0
>>> 

